Field-induced current output file generated by InductEx v5.04 64-bit
  1  1   0.000000000E+00   0.000000000E+00j
  1  2   0.000000000E+00   0.000000000E+00j
  2  1   0.000000000E+00   3.405294788E+00j
  2  2   0.000000000E+00   -3.405294788E+00j
  3  1   0.000000000E+00   -2.031806673E+00j
  3  2   0.000000000E+00   2.031806673E+00j
END
