Field-induced current output file generated by InductEx v5.04 64-bit
  1  1   0.000000000E+00   1.180386245E-05j
  1  2   0.000000000E+00   -1.180386245E-05j
  2  1   0.000000000E+00   8.342012450E+00j
  2  2   0.000000000E+00   -8.342012450E+00j
  3  1   0.000000000E+00   1.678694171E-01j
  3  2   0.000000000E+00   -1.678694171E-01j
END
