Field-induced current output file generated by InductEx v5.04 64-bit
  1  1   0.000000000E+00   0.000000000E+00j
  1  2   0.000000000E+00   0.000000000E+00j
  2  1   0.000000000E+00   8.387494232E+00j
  2  2   0.000000000E+00   -8.387494232E+00j
  3  1   0.000000000E+00   3.431763815E-02j
  3  2   0.000000000E+00   -3.431763815E-02j
END
