Field-induced current output file generated by InductEx v5.04 64-bit
  1  1   0.000000000E+00   0.000000000E+00j
  1  2   0.000000000E+00   0.000000000E+00j
  2  1   0.000000000E+00   5.264282494E+00j
  2  2   0.000000000E+00   -5.264282494E+00j
  3  1   0.000000000E+00   1.834116017E-02j
  3  2   0.000000000E+00   -1.834116017E-02j
END
