Current output file generated by InductEx v5.04 64-bit
  1  1   0.000000000E+00   -6.186025452E+00j
  1  2   0.000000000E+00   1.760582107E+00j
  1  3   0.000000000E+00   4.425443346E+00j
  2  1   0.000000000E+00   1.760456428E+00j
  2  2   0.000000000E+00   -4.045672042E+00j
  2  3   0.000000000E+00   2.285215614E+00j
  3  1   0.000000000E+00   4.425551026E+00j
  3  2   0.000000000E+00   2.285063555E+00j
  3  3   0.000000000E+00   -6.710614581E+00j
END
