Field-induced current output file generated by InductEx v5.04 64-bit
  1  1   0.000000000E+00   1.649651347E-01j
  1  2   0.000000000E+00   -3.757996913E-01j
  1  3   0.000000000E+00   2.108345566E-01j
  2  1   0.000000000E+00   8.128211162E+00j
  2  2   0.000000000E+00   4.014749642E-01j
  2  3   0.000000000E+00   -8.529686126E+00j
  3  1   0.000000000E+00   -1.799822009E-01j
  3  2   0.000000000E+00   2.433265303E-01j
  3  3   0.000000000E+00   -6.334432940E-02j
END
