Field-induced current output file generated by InductEx v5.04 64-bit
  1  1   0.000000000E+00   -1.615553326E-04j
  1  2   0.000000000E+00   1.615553326E-04j
  2  1   0.000000000E+00   8.346033757E+00j
  2  2   0.000000000E+00   -8.346033757E+00j
  3  1   0.000000000E+00   4.002436940E-04j
  3  2   0.000000000E+00   -4.002436940E-04j
END
